GAMS 48.6.1  67fbb04b Jan 23, 2025          LEX-LEG x86 64bit/Linux - 05/26/25 17:45:48 Page 1
G e n e r a l   A l g e b r a i c   M o d e l i n g   S y s t e m
C o m p i l a t i o n


   1  Variables
   2  L1, L2, L3, L4, L5, L6, L7, L8, L9, L10, L11, L12, L13, L14, L15, L16, L17, L18, L19, L20, L21, L22, L23, L24, L25, L26, L27, L28, L29, L30, L31, L32, L33, L34, L35, L36, L37, L38,
   3  E1, E2, E3, E4, E5, E6, E7, E8, E9, E10, E11, E12, E13, E14, E15, E16, E17, E18, E19, E20, E21, E22, E23, E24, E25, E26, E27, E28, E29, E30, E31, E32, E33, E34, E35, E36, E37, E38,
   4  F1,F2,F3,F4,F5,F6,F7,F8,F9,F10,F11,F12,F13,Z;
   5  Positive Variables
   6  L1, L2, L3, L4, L5, L6, L7, L8, L9, L10, L11, L12, L13, L14, L15, L16, L17, L18, L19, L20, L21, L22, L23, L24, L25, L26, L27, L28, L29, L30, L31, L32, L33, L34, L35, L36, L37, L38,
   7  E1, E2, E3, E4, E5, E6, E7, E8, E9, E10, E11, E12, E13, E14, E15, E16, E17, E18, E19, E20, E21, E22, E23, E24, E25, E26, E27, E28, E29, E30, E31, E32, E33, E34, E35, E36, E37, E38,
   8  F1,F2,F3,F4,F5,F6,F7,F8,F9,F10,F11,F12,F13;
   9  Equations
  10  f0,
  11  R1, R2, R3, R4, R5, R6, R7, R8, R9, R10, R11, R12, R13, R14, R15, R16, R17, R18, R19, R20, R21, R22, R23, R24, R25, R26, R27, R28, R29, R30, R31, R32, R33, R34, R35, R36, R37, R38, R39, R40, R41, R42, R43, R44, R45, R46, R47, R48, R49, R50, R51, R52, R53, R54, R55, R56, R57, R58, R59, R60,
  12  R61, R62, R63, R64, R65, R66, R67, R68, R69, R70, R71, R72, R73, R74;
  13   
  14  f0.. Z=E= L1+ L2+ L3+ L4+ L5+ L6+ L7+ L8+ L9+ L10+ L11+ L12+ L13+ L14+ L15+ L16+ L17+ L18+ L19+ L20+ L21+ L22+ L23+ L24+ L25+ L26+ L27+ L28+ L29+ L30+ L31+ L32+ L33+ L34+ L35+ L36+ L37+ L38+
  15          E1+ E2+ E3+ E4+ E5+ E6+ E7+ E8+ E9+ E10+ E11+ E12+ E13+ E14+ E15+ E16+ E17+ E18+ E19+ E20+ E21+ E22+ E23+ E24+ E25+ E26+ E27+ E28+ E29+ E30+ E31+ E32+ E33+ E34+ E35+ E36+ E37+ E38;
  16   
  17   
  18   
  19  R1.. 8*F1 + 6*F2 + 8*F3 + 8*F4 + 9*F5 + 8*F6 + 8*F7 + 8*F8 + 8*F9 + 8*F10 + 8*F11 + 8*F12 + 8*F13 + L1 - E1 =E= 6;
  20  R2.. 3*F1 + 1*F2 + 10*F3 + 10*F4 + 10*F5 + 3*F6 + 9*F7 + 1*F8 + 10*F9 + 10*F10 + 10*F11 + 10*F12 + 10*F13 + L2 - E2 =E= 10;
  21  R3.. 9*F1 + 6*F2 + 9*F3 + 8*F4 + 10*F5 + 8*F6 + 10*F7 + 1*F8 + 7*F9 + 9*F10 + 5*F11 + 6*F12 + 10*F13 + L3 - E3 =E= 8;
  22  R4.. 8*F1 + 10*F2 + 7*F3 + 8*F4 + 7*F5 + 10*F6 + 6*F7 + 6*F8 + 8*F9 + 10*F10 + 10*F11 + 10*F12 + 10*F13 + L4 - E4 =E= 8;
  23  R5.. 8*F1 + 4*F2 + 9*F3 + 4*F4 + 8*F5 + 6*F6 + 6*F7 + 3*F8 + 5*F9 + 3*F10 + 7*F11 + 9*F12 + 8*F13 + L5 - E5 =E= 8;
  24  R6.. 10*F1 + 8*F2 + 9*F3 + 9*F4 + 10*F5 + 10*F6 + 10*F7 + 10*F8 + 10*F9 + 10*F10 + 10*F11 + 8*F12 + 10*F13 + L6 - E6 =E= 9;
  25  R7.. 6*F1 + 4*F2 + 9*F3 + 7*F4 + 8*F5 + 6*F6 + 4*F7 + 7*F8 + 9*F9 + 8*F10 + 10*F11 + 8*F12 + 10*F13 + L7 - E7 =E= 10;
  26  R8.. 9*F1 + 7*F2 + 10*F3 + 9*F4 + 10*F5 + 8*F6 + 10*F7 + 8*F8 + 10*F9 + 9*F10 + 10*F11 + 8*F12 + 10*F13 + L8 - E8 =E= 9;
  27  R9.. 8*F1 + 8*F2 + 8*F3 + 8*F4 + 8*F5 + 8*F6 + 8*F7 + 8*F8 + 8*F9 + 8*F10 + 8*F11 + 8*F12 + 8*F13 + L9 - E9 =E= 8;
  28  R10.. 9*F1 + 10*F2 + 10*F3 + 10*F4 + 9*F5 + 9*F6 + 1*F7 + 9*F8 + 9*F9 + 8*F10 + 10*F11 + 9*F12 + 10*F13 + L10 - E10 =E= 9;
  29  R11.. 3*F1 + 5*F2 + 8*F3 + 8*F4 + 4*F5 + 9*F6 + 6*F7 + 6*F8 + 6*F9 + 6*F10 + 7*F11 + 9*F12 + 10*F13 + L11 - E11 =E= 9;
  30  R12.. 7*F1 + 8*F2 + 8*F3 + 7*F4 + 8*F5 + 8*F6 + 10*F7 + 4*F8 + 8*F9 + 8*F10 + 7*F11 + 8*F12 + 10*F13 + L12 - E12 =E= 9;
  31  R13.. 9*F1 + 7*F2 + 9*F3 + 8*F4 + 7*F5 + 10*F6 + 7*F7 + 7*F8 + 9*F9 + 9*F10 + 10*F11 + 10*F12 + 10*F13 + L13 - E13 =E= 9;
  32  R14.. 6*F1 + 7*F2 + 7*F3 + 7*F4 + 10*F5 + 10*F6 + 8*F7 + 8*F8 + 8*F9 + 8*F10 + 9*F11 + 8*F12 + 9*F13 + L14 - E14 =E= 8;
  33  R15.. 8*F1 + 8*F2 + 10*F3 + 7*F4 + 7*F5 + 8*F6 + 6*F7 + 5*F8 + 10*F9 + 9*F10 + 7*F11 + 8*F12 + 8*F13 + L15 - E15 =E= 8;
  34  R16.. 8*F1 + 8*F2 + 9*F3 + 10*F4 + 10*F5 + 5*F6 + 5*F7 + 4*F8 + 8*F9 + 8*F10 + 8*F11 + 8*F12 + 10*F13 + L16 - E16 =E= 10;
  35  R17.. 9*F1 + 8*F2 + 10*F3 + 8*F4 + 7*F5 + 8*F6 + 6*F7 + 1*F8 + 8*F9 + 8*F10 + 9*F11 + 8*F12 + 8*F13 + L17 - E17 =E= 8;
  36  R18.. 10*F1 + 9*F2 + 9*F3 + 8*F4 + 9*F5 + 8*F6 + 6*F7 + 6*F8 + 7*F9 + 6*F10 + 9*F11 + 10*F12 + 10*F13 + L18 - E18 =E= 10;
  37  R19.. 10*F1 + 10*F2 + 10*F3 + 8*F4 + 9*F5 + 10*F6 + 10*F7 + 7*F8 + 9*F9 + 10*F10 + 10*F11 + 10*F12 + 10*F13 + L19 - E19 =E= 10;
  38  R20.. 8*F1 + 7*F2 + 5*F3 + 8*F4 + 10*F5 + 6*F6 + 10*F7 + 7*F8 + 10*F9 + 7*F10 + 7*F11 + 10*F12 + 10*F13 + L20 - E20 =E= 8;
  39  R21.. 9*F1 + 7*F2 + 5*F3 + 9*F4 + 10*F5 + 7*F6 + 8*F7 + 8*F8 + 8*F9 + 10*F10 + 9*F11 + 9*F12 + 4*F13 + L21 - E21 =E= 7;
  40  R22.. 8*F1 + 9*F2 + 9*F3 + 7*F4 + 5*F5 + 7*F6 + 9*F7 + 9*F8 + 8*F9 + 8*F10 + 9*F11 + 10*F12 + 9*F13 + L22 - E22 =E= 7;
  41  R23.. 9*F1 + 8*F2 + 7*F3 + 9*F4 + 8*F5 + 8*F6 + 10*F7 + 10*F8 + 7*F9 + 8*F10 + 8*F11 + 10*F12 + 10*F13 + L23 - E23 =E= 9;
  42  R24.. 9*F1 + 8*F2 + 9*F3 + 5*F4 + 8*F5 + 10*F6 + 9*F7 + 10*F8 + 10*F9 + 9*F10 + 10*F11 + 9*F12 + 10*F13 + L24 - E24 =E= 10;
  43  R25.. 7*F1 + 8*F2 + 9*F3 + 9*F4 + 9*F5 + 9*F6 + 10*F7 + 10*F8 + 9*F9 + 10*F10 + 9*F11 + 9*F12 + 10*F13 + L25 - E25 =E= 9;
  44  R26.. 10*F1 + 7*F2 + 10*F3 + 10*F4 + 10*F5 + 5*F6 + 1*F7 + 9*F8 + 10*F9 + 9*F10 + 10*F11 + 10*F12 + 9*F13 + L26 - E26 =E= 10;
  45  R27.. 10*F1 + 3*F2 + 10*F3 + 8*F4 + 10*F5 + 5*F6 + 1*F7 + 1*F8 + 7*F9 + 8*F10 + 5*F11 + 5*F12 + 10*F13 + L27 - E27 =E= 8;
  46  R28.. 4*F1 + 9*F2 + 4*F3 + 8*F4 + 6*F5 + 5*F6 + 10*F7 + 7*F8 + 7*F9 + 9*F10 + 7*F11 + 9*F12 + 6*F13 + L28 - E28 =E= 10;
  47  R29.. 9*F1 + 3*F2 + 1*F3 + 4*F4 + 7*F5 + 6*F6 + 9*F7 + 9*F8 + 7*F9 + 8*F10 + 8*F11 + 7*F12 + 5*F13 + L29 - E29 =E= 9;
  48  R30.. 8*F1 + 5*F2 + 8*F3 + 8*F4 + 10*F5 + 10*F6 + 8*F7 + 8*F8 + 9*F9 + 9*F10 + 9*F11 + 10*F12 + 7*F13 + L30 - E30 =E= 9;
  49  R31.. 9*F1 + 6*F2 + 8*F3 + 10*F4 + 10*F5 + 8*F6 + 9*F7 + 9*F8 + 9*F9 + 9*F10 + 8*F11 + 7*F12 + 10*F13 + L31 - E31 =E= 9;
  50  R32.. 9*F1 + 7*F2 + 9*F3 + 9*F4 + 8*F5 + 9*F6 + 10*F7 + 10*F8 + 9*F9 + 9*F10 + 5*F11 + 9*F12 + 9*F13 + L32 - E32 =E= 9;
  51  R33.. 10*F1 + 8*F2 + 10*F3 + 7*F4 + 7*F5 + 9*F6 + 7*F7 + 8*F8 + 10*F9 + 8*F10 + 10*F11 + 10*F12 + 10*F13 + L33 - E33 =E= 9;
  52  R34.. 10*F1 + 7*F2 + 5*F3 + 10*F4 + 10*F5 + 8*F6 + 1*F7 + 8*F8 + 8*F9 + 10*F10 + 5*F11 + 10*F12 + 10*F13 + L34 - E34 =E= 7;
  53  R35.. 9*F1 + 9*F2 + 8*F3 + 9*F4 + 9*F5 + 8*F6 + 9*F7 + 9*F8 + 9*F9 + 10*F10 + 9*F11 + 9*F12 + 9*F13 + L35 - E35 =E= 9;
  54  R36.. 10*F1 + 9*F2 + 9*F3 + 10*F4 + 9*F5 + 10*F6 + 9*F7 + 10*F8 + 10*F9 + 10*F10 + 10*F11 + 9*F12 + 10*F13 + L36 - E36 =E= 9;
  55  R37.. 10*F1 + 10*F2 + 10*F3 + 8*F4 + 10*F5 + 9*F6 + 10*F7 + 10*F8 + 10*F9 + 10*F10 + 10*F11 + 10*F12 + 10*F13 + L37 - E37 =E= 10;
  56  R38.. 10*F1 + 8*F2 + 6*F3 + 8*F4 + 5*F5 + 8*F6 + 9*F7 + 2*F8 + 1*F9 + 9*F10 + 9*F11 + 7*F12 + 6*F13 + L38 - E38 =E= 4;
  57   
  58  R39.. F1+F2+F3+F4+F5+F6+F7+F8+F9+F10+F11+F12+F13=E=1;
  59   
  60  R40.. F13=G=F12;
  61  R41.. F13=G=F6;
  62  R42.. F13=G=F1;
  63  R43.. F13=G=F2;
  64  R44.. F13=G=F7;
  65  R45.. F13=G=F8;
  66   
  67   
  68  R46.. F3=G=F6;
  69  R47.. F3=G=F1;
  70  R48.. F3=G=F2;
  71  R49.. F3=G=F7;
  72  R50.. F3=G=F8;
  73   
  74   
  75  R51.. F5=G=F6;
  76  R52.. F5=G=F1;
  77  R53.. F5=G=F2;
  78  R54.. F5=G=F7;
  79  R55.. F5=G=F8;
  80   
  81  R56.. F11=G=F6;
  82  R57.. F11=G=F1;
  83  R58.. F11=G=F2;
  84  R59.. F11=G=F7;
  85  R60.. F11=G=F8;
  86   
  87  R61.. F4=G=F1;
  88  R62.. F4=G=F2;
  89  R63.. F4=G=F7;
  90  R64.. F4=G=F8;
  91   
  92   
  93  R65.. F10=G=F1;
  94  R66.. F10=G=F2;
  95  R67.. F10=G=F7;
  96  R68.. F10=G=F8;
  97   
  98  R69.. F12=G=F2;
  99  R70.. F12=G=F7;
 100  R71.. F12=G=F8;
 101   
 102  R72.. F9=G=F2;
 103  R73.. F9=G=F7;
 104  R74.. F9=G=F8;
 105   
 106  Model
 107  Genero_X/ALL/;
 108   
 109  Solve
 110  Genero_X USING LP MINIMIZING Z
 111   
 112   


COMPILATION TIME     =        0.000 SECONDS      2 MB  48.6.1 67fbb04b LEX-LEG
GAMS 48.6.1  67fbb04b Jan 23, 2025          LEX-LEG x86 64bit/Linux - 05/26/25 17:45:48 Page 2
G e n e r a l   A l g e b r a i c   M o d e l i n g   S y s t e m
Equation Listing    SOLVE Genero_X Using LP From line 112


---- f0  =E=  

f0..  - L1 - L2 - L3 - L4 - L5 - L6 - L7 - L8 - L9 - L10 - L11 - L12 - L13 - L14 - L15 - L16 - L17 - L18 - L19 - L20 - L21 - L22 - L23 - L24 - L25 - L26 - L27 - L28 - L29 - L30 - L31 - L32 - L33 - L34 - L35 - L36 - L37 - L38 - E1 - E2 - E3 - E4 - E5 - E6 - E7 - E8 - E9 - E10 - E11 - E12 - E13 - E14 - E15 - E16 - E17 - E18 - E19 - E20 - E21 - E22 - E23 - E24 - E25 - E26 - E27 - E28 - E29 - E30 - E31 - E32 - E33 - E34 - E35 - E36 - E37 - E38 + Z =E= 0 ; (LHS = 0)
     

---- R1  =E=  

R1..  L1 - E1 + 8*F1 + 6*F2 + 8*F3 + 8*F4 + 9*F5 + 8*F6 + 8*F7 + 8*F8 + 8*F9 + 8*F10 + 8*F11 + 8*F12 + 8*F13 =E= 6 ; (LHS = 0, INFES = 6 ****)
     

---- R2  =E=  

R2..  L2 - E2 + 3*F1 + F2 + 10*F3 + 10*F4 + 10*F5 + 3*F6 + 9*F7 + F8 + 10*F9 + 10*F10 + 10*F11 + 10*F12 + 10*F13 =E= 10 ; (LHS = 0, INFES = 10 ****)
     

---- R3  =E=  

R3..  L3 - E3 + 9*F1 + 6*F2 + 9*F3 + 8*F4 + 10*F5 + 8*F6 + 10*F7 + F8 + 7*F9 + 9*F10 + 5*F11 + 6*F12 + 10*F13 =E= 8 ; (LHS = 0, INFES = 8 ****)
     

---- R4  =E=  

R4..  L4 - E4 + 8*F1 + 10*F2 + 7*F3 + 8*F4 + 7*F5 + 10*F6 + 6*F7 + 6*F8 + 8*F9 + 10*F10 + 10*F11 + 10*F12 + 10*F13 =E= 8 ; (LHS = 0, INFES = 8 ****)
     

---- R5  =E=  

R5..  L5 - E5 + 8*F1 + 4*F2 + 9*F3 + 4*F4 + 8*F5 + 6*F6 + 6*F7 + 3*F8 + 5*F9 + 3*F10 + 7*F11 + 9*F12 + 8*F13 =E= 8 ; (LHS = 0, INFES = 8 ****)
     

---- R6  =E=  

R6..  L6 - E6 + 10*F1 + 8*F2 + 9*F3 + 9*F4 + 10*F5 + 10*F6 + 10*F7 + 10*F8 + 10*F9 + 10*F10 + 10*F11 + 8*F12 + 10*F13 =E= 9 ; (LHS = 0, INFES = 9 ****)
     

---- R7  =E=  

R7..  L7 - E7 + 6*F1 + 4*F2 + 9*F3 + 7*F4 + 8*F5 + 6*F6 + 4*F7 + 7*F8 + 9*F9 + 8*F10 + 10*F11 + 8*F12 + 10*F13 =E= 10 ; (LHS = 0, INFES = 10 ****)
     

---- R8  =E=  

R8..  L8 - E8 + 9*F1 + 7*F2 + 10*F3 + 9*F4 + 10*F5 + 8*F6 + 10*F7 + 8*F8 + 10*F9 + 9*F10 + 10*F11 + 8*F12 + 10*F13 =E= 9 ; (LHS = 0, INFES = 9 ****)
     

---- R9  =E=  

R9..  L9 - E9 + 8*F1 + 8*F2 + 8*F3 + 8*F4 + 8*F5 + 8*F6 + 8*F7 + 8*F8 + 8*F9 + 8*F10 + 8*F11 + 8*F12 + 8*F13 =E= 8 ; (LHS = 0, INFES = 8 ****)
     

---- R10  =E=  

R10..  L10 - E10 + 9*F1 + 10*F2 + 10*F3 + 10*F4 + 9*F5 + 9*F6 + F7 + 9*F8 + 9*F9 + 8*F10 + 10*F11 + 9*F12 + 10*F13 =E= 9 ; (LHS = 0, INFES = 9 ****)
     

---- R11  =E=  

R11..  L11 - E11 + 3*F1 + 5*F2 + 8*F3 + 8*F4 + 4*F5 + 9*F6 + 6*F7 + 6*F8 + 6*F9 + 6*F10 + 7*F11 + 9*F12 + 10*F13 =E= 9 ; (LHS = 0, INFES = 9 ****)
     

---- R12  =E=  

R12..  L12 - E12 + 7*F1 + 8*F2 + 8*F3 + 7*F4 + 8*F5 + 8*F6 + 10*F7 + 4*F8 + 8*F9 + 8*F10 + 7*F11 + 8*F12 + 10*F13 =E= 9 ; (LHS = 0, INFES = 9 ****)
     

---- R13  =E=  

R13..  L13 - E13 + 9*F1 + 7*F2 + 9*F3 + 8*F4 + 7*F5 + 10*F6 + 7*F7 + 7*F8 + 9*F9 + 9*F10 + 10*F11 + 10*F12 + 10*F13 =E= 9 ; (LHS = 0, INFES = 9 ****)
     

---- R14  =E=  

R14..  L14 - E14 + 6*F1 + 7*F2 + 7*F3 + 7*F4 + 10*F5 + 10*F6 + 8*F7 + 8*F8 + 8*F9 + 8*F10 + 9*F11 + 8*F12 + 9*F13 =E= 8 ; (LHS = 0, INFES = 8 ****)
     

---- R15  =E=  

R15..  L15 - E15 + 8*F1 + 8*F2 + 10*F3 + 7*F4 + 7*F5 + 8*F6 + 6*F7 + 5*F8 + 10*F9 + 9*F10 + 7*F11 + 8*F12 + 8*F13 =E= 8 ; (LHS = 0, INFES = 8 ****)
     

---- R16  =E=  

R16..  L16 - E16 + 8*F1 + 8*F2 + 9*F3 + 10*F4 + 10*F5 + 5*F6 + 5*F7 + 4*F8 + 8*F9 + 8*F10 + 8*F11 + 8*F12 + 10*F13 =E= 10 ; (LHS = 0, INFES = 10 ****)
     

---- R17  =E=  

R17..  L17 - E17 + 9*F1 + 8*F2 + 10*F3 + 8*F4 + 7*F5 + 8*F6 + 6*F7 + F8 + 8*F9 + 8*F10 + 9*F11 + 8*F12 + 8*F13 =E= 8 ; (LHS = 0, INFES = 8 ****)
     

---- R18  =E=  

R18..  L18 - E18 + 10*F1 + 9*F2 + 9*F3 + 8*F4 + 9*F5 + 8*F6 + 6*F7 + 6*F8 + 7*F9 + 6*F10 + 9*F11 + 10*F12 + 10*F13 =E= 10 ; (LHS = 0, INFES = 10 ****)
     

---- R19  =E=  

R19..  L19 - E19 + 10*F1 + 10*F2 + 10*F3 + 8*F4 + 9*F5 + 10*F6 + 10*F7 + 7*F8 + 9*F9 + 10*F10 + 10*F11 + 10*F12 + 10*F13 =E= 10 ; (LHS = 0, INFES = 10 ****)
     

---- R20  =E=  

R20..  L20 - E20 + 8*F1 + 7*F2 + 5*F3 + 8*F4 + 10*F5 + 6*F6 + 10*F7 + 7*F8 + 10*F9 + 7*F10 + 7*F11 + 10*F12 + 10*F13 =E= 8 ; (LHS = 0, INFES = 8 ****)
     

---- R21  =E=  

R21..  L21 - E21 + 9*F1 + 7*F2 + 5*F3 + 9*F4 + 10*F5 + 7*F6 + 8*F7 + 8*F8 + 8*F9 + 10*F10 + 9*F11 + 9*F12 + 4*F13 =E= 7 ; (LHS = 0, INFES = 7 ****)
     

---- R22  =E=  

R22..  L22 - E22 + 8*F1 + 9*F2 + 9*F3 + 7*F4 + 5*F5 + 7*F6 + 9*F7 + 9*F8 + 8*F9 + 8*F10 + 9*F11 + 10*F12 + 9*F13 =E= 7 ; (LHS = 0, INFES = 7 ****)
     

---- R23  =E=  

R23..  L23 - E23 + 9*F1 + 8*F2 + 7*F3 + 9*F4 + 8*F5 + 8*F6 + 10*F7 + 10*F8 + 7*F9 + 8*F10 + 8*F11 + 10*F12 + 10*F13 =E= 9 ; (LHS = 0, INFES = 9 ****)
     

---- R24  =E=  

R24..  L24 - E24 + 9*F1 + 8*F2 + 9*F3 + 5*F4 + 8*F5 + 10*F6 + 9*F7 + 10*F8 + 10*F9 + 9*F10 + 10*F11 + 9*F12 + 10*F13 =E= 10 ; (LHS = 0, INFES = 10 ****)
     

---- R25  =E=  

R25..  L25 - E25 + 7*F1 + 8*F2 + 9*F3 + 9*F4 + 9*F5 + 9*F6 + 10*F7 + 10*F8 + 9*F9 + 10*F10 + 9*F11 + 9*F12 + 10*F13 =E= 9 ; (LHS = 0, INFES = 9 ****)
     

---- R26  =E=  

R26..  L26 - E26 + 10*F1 + 7*F2 + 10*F3 + 10*F4 + 10*F5 + 5*F6 + F7 + 9*F8 + 10*F9 + 9*F10 + 10*F11 + 10*F12 + 9*F13 =E= 10 ; (LHS = 0, INFES = 10 ****)
     

---- R27  =E=  

R27..  L27 - E27 + 10*F1 + 3*F2 + 10*F3 + 8*F4 + 10*F5 + 5*F6 + F7 + F8 + 7*F9 + 8*F10 + 5*F11 + 5*F12 + 10*F13 =E= 8 ; (LHS = 0, INFES = 8 ****)
     

---- R28  =E=  

R28..  L28 - E28 + 4*F1 + 9*F2 + 4*F3 + 8*F4 + 6*F5 + 5*F6 + 10*F7 + 7*F8 + 7*F9 + 9*F10 + 7*F11 + 9*F12 + 6*F13 =E= 10 ; (LHS = 0, INFES = 10 ****)
     

---- R29  =E=  

R29..  L29 - E29 + 9*F1 + 3*F2 + F3 + 4*F4 + 7*F5 + 6*F6 + 9*F7 + 9*F8 + 7*F9 + 8*F10 + 8*F11 + 7*F12 + 5*F13 =E= 9 ; (LHS = 0, INFES = 9 ****)
     

---- R30  =E=  

R30..  L30 - E30 + 8*F1 + 5*F2 + 8*F3 + 8*F4 + 10*F5 + 10*F6 + 8*F7 + 8*F8 + 9*F9 + 9*F10 + 9*F11 + 10*F12 + 7*F13 =E= 9 ; (LHS = 0, INFES = 9 ****)
     

---- R31  =E=  

R31..  L31 - E31 + 9*F1 + 6*F2 + 8*F3 + 10*F4 + 10*F5 + 8*F6 + 9*F7 + 9*F8 + 9*F9 + 9*F10 + 8*F11 + 7*F12 + 10*F13 =E= 9 ; (LHS = 0, INFES = 9 ****)
     

---- R32  =E=  

R32..  L32 - E32 + 9*F1 + 7*F2 + 9*F3 + 9*F4 + 8*F5 + 9*F6 + 10*F7 + 10*F8 + 9*F9 + 9*F10 + 5*F11 + 9*F12 + 9*F13 =E= 9 ; (LHS = 0, INFES = 9 ****)
     

---- R33  =E=  

R33..  L33 - E33 + 10*F1 + 8*F2 + 10*F3 + 7*F4 + 7*F5 + 9*F6 + 7*F7 + 8*F8 + 10*F9 + 8*F10 + 10*F11 + 10*F12 + 10*F13 =E= 9 ; (LHS = 0, INFES = 9 ****)
     

---- R34  =E=  

R34..  L34 - E34 + 10*F1 + 7*F2 + 5*F3 + 10*F4 + 10*F5 + 8*F6 + F7 + 8*F8 + 8*F9 + 10*F10 + 5*F11 + 10*F12 + 10*F13 =E= 7 ; (LHS = 0, INFES = 7 ****)
     

---- R35  =E=  

R35..  L35 - E35 + 9*F1 + 9*F2 + 8*F3 + 9*F4 + 9*F5 + 8*F6 + 9*F7 + 9*F8 + 9*F9 + 10*F10 + 9*F11 + 9*F12 + 9*F13 =E= 9 ; (LHS = 0, INFES = 9 ****)
     

---- R36  =E=  

R36..  L36 - E36 + 10*F1 + 9*F2 + 9*F3 + 10*F4 + 9*F5 + 10*F6 + 9*F7 + 10*F8 + 10*F9 + 10*F10 + 10*F11 + 9*F12 + 10*F13 =E= 9 ; (LHS = 0, INFES = 9 ****)
     

---- R37  =E=  

R37..  L37 - E37 + 10*F1 + 10*F2 + 10*F3 + 8*F4 + 10*F5 + 9*F6 + 10*F7 + 10*F8 + 10*F9 + 10*F10 + 10*F11 + 10*F12 + 10*F13 =E= 10 ; (LHS = 0, INFES = 10 ****)
     

---- R38  =E=  

R38..  L38 - E38 + 10*F1 + 8*F2 + 6*F3 + 8*F4 + 5*F5 + 8*F6 + 9*F7 + 2*F8 + F9 + 9*F10 + 9*F11 + 7*F12 + 6*F13 =E= 4 ; (LHS = 0, INFES = 4 ****)
     

---- R39  =E=  

R39..  F1 + F2 + F3 + F4 + F5 + F6 + F7 + F8 + F9 + F10 + F11 + F12 + F13 =E= 1 ; (LHS = 0, INFES = 1 ****)
     

---- R40  =G=  

R40..  - F12 + F13 =G= 0 ; (LHS = 0)
     

---- R41  =G=  

R41..  - F6 + F13 =G= 0 ; (LHS = 0)
     

---- R42  =G=  

R42..  - F1 + F13 =G= 0 ; (LHS = 0)
     

---- R43  =G=  

R43..  - F2 + F13 =G= 0 ; (LHS = 0)
     

---- R44  =G=  

R44..  - F7 + F13 =G= 0 ; (LHS = 0)
     

---- R45  =G=  

R45..  - F8 + F13 =G= 0 ; (LHS = 0)
     

---- R46  =G=  

R46..  F3 - F6 =G= 0 ; (LHS = 0)
     

---- R47  =G=  

R47..  - F1 + F3 =G= 0 ; (LHS = 0)
     

---- R48  =G=  

R48..  - F2 + F3 =G= 0 ; (LHS = 0)
     

---- R49  =G=  

R49..  F3 - F7 =G= 0 ; (LHS = 0)
     

---- R50  =G=  

R50..  F3 - F8 =G= 0 ; (LHS = 0)
     

---- R51  =G=  

R51..  F5 - F6 =G= 0 ; (LHS = 0)
     

---- R52  =G=  

R52..  - F1 + F5 =G= 0 ; (LHS = 0)
     

---- R53  =G=  

R53..  - F2 + F5 =G= 0 ; (LHS = 0)
     

---- R54  =G=  

R54..  F5 - F7 =G= 0 ; (LHS = 0)
     

---- R55  =G=  

R55..  F5 - F8 =G= 0 ; (LHS = 0)
     

---- R56  =G=  

R56..  - F6 + F11 =G= 0 ; (LHS = 0)
     

---- R57  =G=  

R57..  - F1 + F11 =G= 0 ; (LHS = 0)
     

---- R58  =G=  

R58..  - F2 + F11 =G= 0 ; (LHS = 0)
     

---- R59  =G=  

R59..  - F7 + F11 =G= 0 ; (LHS = 0)
     

---- R60  =G=  

R60..  - F8 + F11 =G= 0 ; (LHS = 0)
     

---- R61  =G=  

R61..  - F1 + F4 =G= 0 ; (LHS = 0)
     

---- R62  =G=  

R62..  - F2 + F4 =G= 0 ; (LHS = 0)
     

---- R63  =G=  

R63..  F4 - F7 =G= 0 ; (LHS = 0)
     

---- R64  =G=  

R64..  F4 - F8 =G= 0 ; (LHS = 0)
     

---- R65  =G=  

R65..  - F1 + F10 =G= 0 ; (LHS = 0)
     

---- R66  =G=  

R66..  - F2 + F10 =G= 0 ; (LHS = 0)
     

---- R67  =G=  

R67..  - F7 + F10 =G= 0 ; (LHS = 0)
     

---- R68  =G=  

R68..  - F8 + F10 =G= 0 ; (LHS = 0)
     

---- R69  =G=  

R69..  - F2 + F12 =G= 0 ; (LHS = 0)
     

---- R70  =G=  

R70..  - F7 + F12 =G= 0 ; (LHS = 0)
     

---- R71  =G=  

R71..  - F8 + F12 =G= 0 ; (LHS = 0)
     

---- R72  =G=  

R72..  - F2 + F9 =G= 0 ; (LHS = 0)
     

---- R73  =G=  

R73..  - F7 + F9 =G= 0 ; (LHS = 0)
     

---- R74  =G=  

R74..  - F8 + F9 =G= 0 ; (LHS = 0)
     
GAMS 48.6.1  67fbb04b Jan 23, 2025          LEX-LEG x86 64bit/Linux - 05/26/25 17:45:48 Page 3
G e n e r a l   A l g e b r a i c   M o d e l i n g   S y s t e m
Column Listing      SOLVE Genero_X Using LP From line 112


---- L1  

L1
                (.LO, .L, .UP, .M = 0, 0, +INF, 0)
       -1       f0
        1       R1


---- L2  

L2
                (.LO, .L, .UP, .M = 0, 0, +INF, 0)
       -1       f0
        1       R2


---- L3  

L3
                (.LO, .L, .UP, .M = 0, 0, +INF, 0)
       -1       f0
        1       R3


---- L4  

L4
                (.LO, .L, .UP, .M = 0, 0, +INF, 0)
       -1       f0
        1       R4


---- L5  

L5
                (.LO, .L, .UP, .M = 0, 0, +INF, 0)
       -1       f0
        1       R5


---- L6  

L6
                (.LO, .L, .UP, .M = 0, 0, +INF, 0)
       -1       f0
        1       R6


---- L7  

L7
                (.LO, .L, .UP, .M = 0, 0, +INF, 0)
       -1       f0
        1       R7


---- L8  

L8
                (.LO, .L, .UP, .M = 0, 0, +INF, 0)
       -1       f0
        1       R8


---- L9  

L9
                (.LO, .L, .UP, .M = 0, 0, +INF, 0)
       -1       f0
        1       R9


---- L10  

L10
                (.LO, .L, .UP, .M = 0, 0, +INF, 0)
       -1       f0
        1       R10


---- L11  

L11
                (.LO, .L, .UP, .M = 0, 0, +INF, 0)
       -1       f0
        1       R11


---- L12  

L12
                (.LO, .L, .UP, .M = 0, 0, +INF, 0)
       -1       f0
        1       R12


---- L13  

L13
                (.LO, .L, .UP, .M = 0, 0, +INF, 0)
       -1       f0
        1       R13


---- L14  

L14
                (.LO, .L, .UP, .M = 0, 0, +INF, 0)
       -1       f0
        1       R14


---- L15  

L15
                (.LO, .L, .UP, .M = 0, 0, +INF, 0)
       -1       f0
        1       R15


---- L16  

L16
                (.LO, .L, .UP, .M = 0, 0, +INF, 0)
       -1       f0
        1       R16


---- L17  

L17
                (.LO, .L, .UP, .M = 0, 0, +INF, 0)
       -1       f0
        1       R17


---- L18  

L18
                (.LO, .L, .UP, .M = 0, 0, +INF, 0)
       -1       f0
        1       R18


---- L19  

L19
                (.LO, .L, .UP, .M = 0, 0, +INF, 0)
       -1       f0
        1       R19


---- L20  

L20
                (.LO, .L, .UP, .M = 0, 0, +INF, 0)
       -1       f0
        1       R20


---- L21  

L21
                (.LO, .L, .UP, .M = 0, 0, +INF, 0)
       -1       f0
        1       R21


---- L22  

L22
                (.LO, .L, .UP, .M = 0, 0, +INF, 0)
       -1       f0
        1       R22


---- L23  

L23
                (.LO, .L, .UP, .M = 0, 0, +INF, 0)
       -1       f0
        1       R23


---- L24  

L24
                (.LO, .L, .UP, .M = 0, 0, +INF, 0)
       -1       f0
        1       R24


---- L25  

L25
                (.LO, .L, .UP, .M = 0, 0, +INF, 0)
       -1       f0
        1       R25


---- L26  

L26
                (.LO, .L, .UP, .M = 0, 0, +INF, 0)
       -1       f0
        1       R26


---- L27  

L27
                (.LO, .L, .UP, .M = 0, 0, +INF, 0)
       -1       f0
        1       R27


---- L28  

L28
                (.LO, .L, .UP, .M = 0, 0, +INF, 0)
       -1       f0
        1       R28


---- L29  

L29
                (.LO, .L, .UP, .M = 0, 0, +INF, 0)
       -1       f0
        1       R29


---- L30  

L30
                (.LO, .L, .UP, .M = 0, 0, +INF, 0)
       -1       f0
        1       R30


---- L31  

L31
                (.LO, .L, .UP, .M = 0, 0, +INF, 0)
       -1       f0
        1       R31


---- L32  

L32
                (.LO, .L, .UP, .M = 0, 0, +INF, 0)
       -1       f0
        1       R32


---- L33  

L33
                (.LO, .L, .UP, .M = 0, 0, +INF, 0)
       -1       f0
        1       R33


---- L34  

L34
                (.LO, .L, .UP, .M = 0, 0, +INF, 0)
       -1       f0
        1       R34


---- L35  

L35
                (.LO, .L, .UP, .M = 0, 0, +INF, 0)
       -1       f0
        1       R35


---- L36  

L36
                (.LO, .L, .UP, .M = 0, 0, +INF, 0)
       -1       f0
        1       R36


---- L37  

L37
                (.LO, .L, .UP, .M = 0, 0, +INF, 0)
       -1       f0
        1       R37


---- L38  

L38
                (.LO, .L, .UP, .M = 0, 0, +INF, 0)
       -1       f0
        1       R38


---- E1  

E1
                (.LO, .L, .UP, .M = 0, 0, +INF, 0)
       -1       f0
       -1       R1


---- E2  

E2
                (.LO, .L, .UP, .M = 0, 0, +INF, 0)
       -1       f0
       -1       R2


---- E3  

E3
                (.LO, .L, .UP, .M = 0, 0, +INF, 0)
       -1       f0
       -1       R3


---- E4  

E4
                (.LO, .L, .UP, .M = 0, 0, +INF, 0)
       -1       f0
       -1       R4


---- E5  

E5
                (.LO, .L, .UP, .M = 0, 0, +INF, 0)
       -1       f0
       -1       R5


---- E6  

E6
                (.LO, .L, .UP, .M = 0, 0, +INF, 0)
       -1       f0
       -1       R6


---- E7  

E7
                (.LO, .L, .UP, .M = 0, 0, +INF, 0)
       -1       f0
       -1       R7


---- E8  

E8
                (.LO, .L, .UP, .M = 0, 0, +INF, 0)
       -1       f0
       -1       R8


---- E9  

E9
                (.LO, .L, .UP, .M = 0, 0, +INF, 0)
       -1       f0
       -1       R9


---- E10  

E10
                (.LO, .L, .UP, .M = 0, 0, +INF, 0)
       -1       f0
       -1       R10


---- E11  

E11
                (.LO, .L, .UP, .M = 0, 0, +INF, 0)
       -1       f0
       -1       R11


---- E12  

E12
                (.LO, .L, .UP, .M = 0, 0, +INF, 0)
       -1       f0
       -1       R12


---- E13  

E13
                (.LO, .L, .UP, .M = 0, 0, +INF, 0)
       -1       f0
       -1       R13


---- E14  

E14
                (.LO, .L, .UP, .M = 0, 0, +INF, 0)
       -1       f0
       -1       R14


---- E15  

E15
                (.LO, .L, .UP, .M = 0, 0, +INF, 0)
       -1       f0
       -1       R15


---- E16  

E16
                (.LO, .L, .UP, .M = 0, 0, +INF, 0)
       -1       f0
       -1       R16


---- E17  

E17
                (.LO, .L, .UP, .M = 0, 0, +INF, 0)
       -1       f0
       -1       R17


---- E18  

E18
                (.LO, .L, .UP, .M = 0, 0, +INF, 0)
       -1       f0
       -1       R18


---- E19  

E19
                (.LO, .L, .UP, .M = 0, 0, +INF, 0)
       -1       f0
       -1       R19


---- E20  

E20
                (.LO, .L, .UP, .M = 0, 0, +INF, 0)
       -1       f0
       -1       R20


---- E21  

E21
                (.LO, .L, .UP, .M = 0, 0, +INF, 0)
       -1       f0
       -1       R21


---- E22  

E22
                (.LO, .L, .UP, .M = 0, 0, +INF, 0)
       -1       f0
       -1       R22


---- E23  

E23
                (.LO, .L, .UP, .M = 0, 0, +INF, 0)
       -1       f0
       -1       R23


---- E24  

E24
                (.LO, .L, .UP, .M = 0, 0, +INF, 0)
       -1       f0
       -1       R24


---- E25  

E25
                (.LO, .L, .UP, .M = 0, 0, +INF, 0)
       -1       f0
       -1       R25


---- E26  

E26
                (.LO, .L, .UP, .M = 0, 0, +INF, 0)
       -1       f0
       -1       R26


---- E27  

E27
                (.LO, .L, .UP, .M = 0, 0, +INF, 0)
       -1       f0
       -1       R27


---- E28  

E28
                (.LO, .L, .UP, .M = 0, 0, +INF, 0)
       -1       f0
       -1       R28


---- E29  

E29
                (.LO, .L, .UP, .M = 0, 0, +INF, 0)
       -1       f0
       -1       R29


---- E30  

E30
                (.LO, .L, .UP, .M = 0, 0, +INF, 0)
       -1       f0
       -1       R30


---- E31  

E31
                (.LO, .L, .UP, .M = 0, 0, +INF, 0)
       -1       f0
       -1       R31


---- E32  

E32
                (.LO, .L, .UP, .M = 0, 0, +INF, 0)
       -1       f0
       -1       R32


---- E33  

E33
                (.LO, .L, .UP, .M = 0, 0, +INF, 0)
       -1       f0
       -1       R33


---- E34  

E34
                (.LO, .L, .UP, .M = 0, 0, +INF, 0)
       -1       f0
       -1       R34


---- E35  

E35
                (.LO, .L, .UP, .M = 0, 0, +INF, 0)
       -1       f0
       -1       R35


---- E36  

E36
                (.LO, .L, .UP, .M = 0, 0, +INF, 0)
       -1       f0
       -1       R36


---- E37  

E37
                (.LO, .L, .UP, .M = 0, 0, +INF, 0)
       -1       f0
       -1       R37


---- E38  

E38
                (.LO, .L, .UP, .M = 0, 0, +INF, 0)
       -1       f0
       -1       R38


---- F1  

F1
                (.LO, .L, .UP, .M = 0, 0, +INF, 0)
        8       R1
        3       R2
        9       R3
        8       R4
        8       R5
       10       R6
        6       R7
        9       R8
        8       R9
        9       R10
        3       R11
        7       R12
        9       R13
        6       R14
        8       R15
        8       R16
        9       R17
       10       R18
       10       R19
        8       R20
        9       R21
        8       R22
        9       R23
        9       R24
        7       R25
       10       R26
       10       R27
        4       R28
        9       R29
        8       R30
        9       R31
        9       R32
       10       R33
       10       R34
        9       R35
       10       R36
       10       R37
       10       R38
        1       R39
       -1       R42
       -1       R47
       -1       R52
       -1       R57
       -1       R61
       -1       R65


---- F2  

F2
                (.LO, .L, .UP, .M = 0, 0, +INF, 0)
        6       R1
        1       R2
        6       R3
       10       R4
        4       R5
        8       R6
        4       R7
        7       R8
        8       R9
       10       R10
        5       R11
        8       R12
        7       R13
        7       R14
        8       R15
        8       R16
        8       R17
        9       R18
       10       R19
        7       R20
        7       R21
        9       R22
        8       R23
        8       R24
        8       R25
        7       R26
        3       R27
        9       R28
        3       R29
        5       R30
        6       R31
        7       R32
        8       R33
        7       R34
        9       R35
        9       R36
       10       R37
        8       R38
        1       R39
       -1       R43
       -1       R48
       -1       R53
       -1       R58
       -1       R62
       -1       R66
       -1       R69
       -1       R72


---- F3  

F3
                (.LO, .L, .UP, .M = 0, 0, +INF, 0)
        8       R1
       10       R2
        9       R3
        7       R4
        9       R5
        9       R6
        9       R7
       10       R8
        8       R9
       10       R10
        8       R11
        8       R12
        9       R13
        7       R14
       10       R15
        9       R16
       10       R17
        9       R18
       10       R19
        5       R20
        5       R21
        9       R22
        7       R23
        9       R24
        9       R25
       10       R26
       10       R27
        4       R28
        1       R29
        8       R30
        8       R31
        9       R32
       10       R33
        5       R34
        8       R35
        9       R36
       10       R37
        6       R38
        1       R39
        1       R46
        1       R47
        1       R48
        1       R49
        1       R50


---- F4  

F4
                (.LO, .L, .UP, .M = 0, 0, +INF, 0)
        8       R1
       10       R2
        8       R3
        8       R4
        4       R5
        9       R6
        7       R7
        9       R8
        8       R9
       10       R10
        8       R11
        7       R12
        8       R13
        7       R14
        7       R15
       10       R16
        8       R17
        8       R18
        8       R19
        8       R20
        9       R21
        7       R22
        9       R23
        5       R24
        9       R25
       10       R26
        8       R27
        8       R28
        4       R29
        8       R30
       10       R31
        9       R32
        7       R33
       10       R34
        9       R35
       10       R36
        8       R37
        8       R38
        1       R39
        1       R61
        1       R62
        1       R63
        1       R64


---- F5  

F5
                (.LO, .L, .UP, .M = 0, 0, +INF, 0)
        9       R1
       10       R2
       10       R3
        7       R4
        8       R5
       10       R6
        8       R7
       10       R8
        8       R9
        9       R10
        4       R11
        8       R12
        7       R13
       10       R14
        7       R15
       10       R16
        7       R17
        9       R18
        9       R19
       10       R20
       10       R21
        5       R22
        8       R23
        8       R24
        9       R25
       10       R26
       10       R27
        6       R28
        7       R29
       10       R30
       10       R31
        8       R32
        7       R33
       10       R34
        9       R35
        9       R36
       10       R37
        5       R38
        1       R39
        1       R51
        1       R52
        1       R53
        1       R54
        1       R55


---- F6  

F6
                (.LO, .L, .UP, .M = 0, 0, +INF, 0)
        8       R1
        3       R2
        8       R3
       10       R4
        6       R5
       10       R6
        6       R7
        8       R8
        8       R9
        9       R10
        9       R11
        8       R12
       10       R13
       10       R14
        8       R15
        5       R16
        8       R17
        8       R18
       10       R19
        6       R20
        7       R21
        7       R22
        8       R23
       10       R24
        9       R25
        5       R26
        5       R27
        5       R28
        6       R29
       10       R30
        8       R31
        9       R32
        9       R33
        8       R34
        8       R35
       10       R36
        9       R37
        8       R38
        1       R39
       -1       R41
       -1       R46
       -1       R51
       -1       R56


---- F7  

F7
                (.LO, .L, .UP, .M = 0, 0, +INF, 0)
        8       R1
        9       R2
       10       R3
        6       R4
        6       R5
       10       R6
        4       R7
       10       R8
        8       R9
        1       R10
        6       R11
       10       R12
        7       R13
        8       R14
        6       R15
        5       R16
        6       R17
        6       R18
       10       R19
       10       R20
        8       R21
        9       R22
       10       R23
        9       R24
       10       R25
        1       R26
        1       R27
       10       R28
        9       R29
        8       R30
        9       R31
       10       R32
        7       R33
        1       R34
        9       R35
        9       R36
       10       R37
        9       R38
        1       R39
       -1       R44
       -1       R49
       -1       R54
       -1       R59
       -1       R63
       -1       R67
       -1       R70
       -1       R73


---- F8  

F8
                (.LO, .L, .UP, .M = 0, 0, +INF, 0)
        8       R1
        1       R2
        1       R3
        6       R4
        3       R5
       10       R6
        7       R7
        8       R8
        8       R9
        9       R10
        6       R11
        4       R12
        7       R13
        8       R14
        5       R15
        4       R16
        1       R17
        6       R18
        7       R19
        7       R20
        8       R21
        9       R22
       10       R23
       10       R24
       10       R25
        9       R26
        1       R27
        7       R28
        9       R29
        8       R30
        9       R31
       10       R32
        8       R33
        8       R34
        9       R35
       10       R36
       10       R37
        2       R38
        1       R39
       -1       R45
       -1       R50
       -1       R55
       -1       R60
       -1       R64
       -1       R68
       -1       R71
       -1       R74


---- F9  

F9
                (.LO, .L, .UP, .M = 0, 0, +INF, 0)
        8       R1
       10       R2
        7       R3
        8       R4
        5       R5
       10       R6
        9       R7
       10       R8
        8       R9
        9       R10
        6       R11
        8       R12
        9       R13
        8       R14
       10       R15
        8       R16
        8       R17
        7       R18
        9       R19
       10       R20
        8       R21
        8       R22
        7       R23
       10       R24
        9       R25
       10       R26
        7       R27
        7       R28
        7       R29
        9       R30
        9       R31
        9       R32
       10       R33
        8       R34
        9       R35
       10       R36
       10       R37
        1       R38
        1       R39
        1       R72
        1       R73
        1       R74


---- F10  

F10
                (.LO, .L, .UP, .M = 0, 0, +INF, 0)
        8       R1
       10       R2
        9       R3
       10       R4
        3       R5
       10       R6
        8       R7
        9       R8
        8       R9
        8       R10
        6       R11
        8       R12
        9       R13
        8       R14
        9       R15
        8       R16
        8       R17
        6       R18
       10       R19
        7       R20
       10       R21
        8       R22
        8       R23
        9       R24
       10       R25
        9       R26
        8       R27
        9       R28
        8       R29
        9       R30
        9       R31
        9       R32
        8       R33
       10       R34
       10       R35
       10       R36
       10       R37
        9       R38
        1       R39
        1       R65
        1       R66
        1       R67
        1       R68


---- F11  

F11
                (.LO, .L, .UP, .M = 0, 0, +INF, 0)
        8       R1
       10       R2
        5       R3
       10       R4
        7       R5
       10       R6
       10       R7
       10       R8
        8       R9
       10       R10
        7       R11
        7       R12
       10       R13
        9       R14
        7       R15
        8       R16
        9       R17
        9       R18
       10       R19
        7       R20
        9       R21
        9       R22
        8       R23
       10       R24
        9       R25
       10       R26
        5       R27
        7       R28
        8       R29
        9       R30
        8       R31
        5       R32
       10       R33
        5       R34
        9       R35
       10       R36
       10       R37
        9       R38
        1       R39
        1       R56
        1       R57
        1       R58
        1       R59
        1       R60


---- F12  

F12
                (.LO, .L, .UP, .M = 0, 0, +INF, 0)
        8       R1
       10       R2
        6       R3
       10       R4
        9       R5
        8       R6
        8       R7
        8       R8
        8       R9
        9       R10
        9       R11
        8       R12
       10       R13
        8       R14
        8       R15
        8       R16
        8       R17
       10       R18
       10       R19
       10       R20
        9       R21
       10       R22
       10       R23
        9       R24
        9       R25
       10       R26
        5       R27
        9       R28
        7       R29
       10       R30
        7       R31
        9       R32
       10       R33
       10       R34
        9       R35
        9       R36
       10       R37
        7       R38
        1       R39
       -1       R40
        1       R69
        1       R70
        1       R71


---- F13  

F13
                (.LO, .L, .UP, .M = 0, 0, +INF, 0)
        8       R1
       10       R2
       10       R3
       10       R4
        8       R5
       10       R6
       10       R7
       10       R8
        8       R9
       10       R10
       10       R11
       10       R12
       10       R13
        9       R14
        8       R15
       10       R16
        8       R17
       10       R18
       10       R19
       10       R20
        4       R21
        9       R22
       10       R23
       10       R24
       10       R25
        9       R26
       10       R27
        6       R28
        5       R29
        7       R30
       10       R31
        9       R32
       10       R33
       10       R34
        9       R35
       10       R36
       10       R37
        6       R38
        1       R39
        1       R40
        1       R41
        1       R42
        1       R43
        1       R44
        1       R45


---- Z  

Z
                (.LO, .L, .UP, .M = -INF, 0, +INF, 0)
        1       f0

GAMS 48.6.1  67fbb04b Jan 23, 2025          LEX-LEG x86 64bit/Linux - 05/26/25 17:45:48 Page 4
G e n e r a l   A l g e b r a i c   M o d e l i n g   S y s t e m
Range Statistics    SOLVE Genero_X Using LP From line 112


RANGE STATISTICS (ABSOLUTE NON-ZERO FINITE VALUES)

RHS       [min, max] : [ 1.000E+00, 1.000E+01] - Zero values observed as well
Bound     [min, max] : [        NA,        NA] - Zero values observed as well
Matrix    [min, max] : [ 1.000E+00, 1.000E+01]

GAMS 48.6.1  67fbb04b Jan 23, 2025          LEX-LEG x86 64bit/Linux - 05/26/25 17:45:48 Page 5
G e n e r a l   A l g e b r a i c   M o d e l i n g   S y s t e m
Model Statistics    SOLVE Genero_X Using LP From line 112


MODEL STATISTICS

BLOCKS OF EQUATIONS          75     SINGLE EQUATIONS           75
BLOCKS OF VARIABLES          90     SINGLE VARIABLES           90
NON ZERO ELEMENTS           730


GENERATION TIME      =        0.004 SECONDS      3 MB  48.6.1 67fbb04b LEX-LEG
GAMS 48.6.1  67fbb04b Jan 23, 2025          LEX-LEG x86 64bit/Linux - 05/26/25 17:45:48 Page 6
G e n e r a l   A l g e b r a i c   M o d e l i n g   S y s t e m
Solution Report     SOLVE Genero_X Using LP From line 112


               S O L V E      S U M M A R Y

     MODEL   Genero_X            OBJECTIVE  Z
     TYPE    LP                  DIRECTION  MINIMIZE
     SOLVER  CPLEX               FROM LINE  112

**** SOLVER STATUS     1 Normal Completion
**** MODEL STATUS      1 Optimal
**** OBJECTIVE VALUE               26.3846

 RESOURCE USAGE, LIMIT          0.004 10000000000.000
 ITERATION COUNT, LIMIT        66    2147483647
*** This solver runs with a community license. No commercial use.
--- GMO setup time: 0.00s
--- GMO memory 0.52 Mb (peak 0.52 Mb)
--- Dictionary memory 0.00 Mb
--- Cplex 22.1.1.0 link memory 0.00 Mb (peak 0.01 Mb)
--- Starting Cplex


--- LP status (1): optimal.
--- Cplex Time: 0.00sec (det. 0.85 ticks)


Optimal solution found
Objective:           26.384615


                           LOWER          LEVEL          UPPER         MARGINAL

---- EQU f0                  .              .              .             1.0000      
---- EQU R1                 6.0000         6.0000         6.0000        -1.0000      
---- EQU R2                10.0000        10.0000        10.0000        -0.4962      
---- EQU R3                 8.0000         8.0000         8.0000        -1.0000      
---- EQU R4                 8.0000         8.0000         8.0000        -1.0000      
---- EQU R5                 8.0000         8.0000         8.0000         1.0000      
---- EQU R6                 9.0000         9.0000         9.0000        -1.0000      
---- EQU R7                10.0000        10.0000        10.0000         1.0000      
---- EQU R8                 9.0000         9.0000         9.0000        -1.0000      
---- EQU R9                 8.0000         8.0000         8.0000          .          
---- EQU R10                9.0000         9.0000         9.0000        -1.0000      
---- EQU R11                9.0000         9.0000         9.0000         1.0000      
---- EQU R12                9.0000         9.0000         9.0000         1.0000      
---- EQU R13                9.0000         9.0000         9.0000        -1.0000      
---- EQU R14                8.0000         8.0000         8.0000        -1.0000      
---- EQU R15                8.0000         8.0000         8.0000        -1.0000      
---- EQU R16               10.0000        10.0000        10.0000         1.0000      
---- EQU R17                8.0000         8.0000         8.0000        -0.8654      
---- EQU R18               10.0000        10.0000        10.0000         1.0000      
---- EQU R19               10.0000        10.0000        10.0000         1.0000      
---- EQU R20                8.0000         8.0000         8.0000        -1.0000      
---- EQU R21                7.0000         7.0000         7.0000        -1.0000      
---- EQU R22                7.0000         7.0000         7.0000        -1.0000      
---- EQU R23                9.0000         9.0000         9.0000        -0.5962      
---- EQU R24               10.0000        10.0000        10.0000         1.0000      
---- EQU R25                9.0000         9.0000         9.0000        -1.0000      
---- EQU R26               10.0000        10.0000        10.0000         1.0000      
---- EQU R27                8.0000         8.0000         8.0000        -0.4231      
---- EQU R28               10.0000        10.0000        10.0000         1.0000      
---- EQU R29                9.0000         9.0000         9.0000         1.0000      
---- EQU R30                9.0000         9.0000         9.0000         1.0000      
---- EQU R31                9.0000         9.0000         9.0000         1.0000      
---- EQU R32                9.0000         9.0000         9.0000         1.0000      
---- EQU R33                9.0000         9.0000         9.0000        -1.0000      
---- EQU R34                7.0000         7.0000         7.0000        -1.0000      
---- EQU R35                9.0000         9.0000         9.0000         1.0000      
---- EQU R36                9.0000         9.0000         9.0000        -1.0000      
---- EQU R37               10.0000        10.0000        10.0000         1.0000      
---- EQU R38                4.0000         4.0000         4.0000        -1.0000      
---- EQU R39                1.0000         1.0000         1.0000        30.0192      
---- EQU R40                 .              .            +INF            3.0577      
---- EQU R41                 .             0.3077        +INF             .          
---- EQU R42                 .             0.3077        +INF             .          
---- EQU R43                 .             0.3077        +INF             .          
---- EQU R44                 .             0.3077        +INF             .          
---- EQU R45                 .             0.3077        +INF             .          
---- EQU R46                 .             0.0769        +INF             .          
---- EQU R47                 .             0.0769        +INF             .          
---- EQU R48                 .             0.0769        +INF             .          
---- EQU R49                 .             0.0769        +INF             .          
---- EQU R50                 .             0.0769        +INF             .          
---- EQU R51                 .             0.1538        +INF             .          
---- EQU R52                 .             0.1538        +INF             .          
---- EQU R53                 .             0.1538        +INF             .          
---- EQU R54                 .             0.1538        +INF             .          
---- EQU R55                 .             0.1538        +INF             .          
---- EQU R56                 .              .            +INF             .          
---- EQU R57                 .              .            +INF             .          
---- EQU R58                 .              .            +INF             .          
---- EQU R59                 .              .            +INF            2.6154      
---- EQU R60                 .              .            +INF             .          
---- EQU R61                 .              .            +INF             .          
---- EQU R62                 .              .            +INF             .          
---- EQU R63                 .              .            +INF            4.3615      
---- EQU R64                 .              .            +INF            5.2538      
---- EQU R65                 .              .            +INF             .          
---- EQU R66                 .              .            +INF             .          
---- EQU R67                 .              .            +INF             .          
---- EQU R68                 .              .            +INF           11.0192      
---- EQU R69                 .             0.3077        +INF             .          
---- EQU R70                 .             0.3077        +INF             .          
---- EQU R71                 .             0.3077        +INF             .          
---- EQU R72                 .             0.1538        +INF             .          
---- EQU R73                 .             0.1538        +INF             .          
---- EQU R74                 .             0.1538        +INF             .          

                           LOWER          LEVEL          UPPER         MARGINAL

---- VAR L1                  .              .            +INF            2.0000      
---- VAR L2                  .              .            +INF            1.4962      
---- VAR L3                  .              .            +INF            2.0000      
---- VAR L4                  .              .            +INF            2.0000      
---- VAR L5                  .             0.0769        +INF             .          
---- VAR L6                  .              .            +INF            2.0000      
---- VAR L7                  .             1.1538        +INF             .          
---- VAR L8                  .              .            +INF            2.0000      
---- VAR L9                  .              .            +INF            1.0000      
---- VAR L10                 .              .            +INF            2.0000      
---- VAR L11                 .             1.0000        +INF             .          
---- VAR L12                 .             0.3846        +INF             .          
---- VAR L13                 .              .            +INF            2.0000      
---- VAR L14                 .              .            +INF            2.0000      
---- VAR L15                 .              .            +INF            2.0000      
---- VAR L16                 .             1.0000        +INF             .          
---- VAR L17                 .              .            +INF            1.8654      
---- VAR L18                 .             0.6923        +INF             .          
---- VAR L19                 .             0.3077        +INF             .          
---- VAR L20                 .              .            +INF            2.0000      
---- VAR L21                 .              .            +INF            2.0000      
---- VAR L22                 .              .            +INF            2.0000      
---- VAR L23                 .              .            +INF            1.5962      
---- VAR L24                 .             0.6923        +INF             .          
---- VAR L25                 .              .            +INF            2.0000      
---- VAR L26                 .             0.3077        +INF             .          
---- VAR L27                 .              .            +INF            1.4231      
---- VAR L28                 .             3.0769        +INF             .          
---- VAR L29                 .             3.0769        +INF             .          
---- VAR L30                 .             0.2308        +INF             .          
---- VAR L31                 .             0.2308        +INF             .          
---- VAR L32                 .             0.1538        +INF             .          
---- VAR L33                 .              .            +INF            2.0000      
---- VAR L34                 .              .            +INF            2.0000      
---- VAR L35                 .             0.0769        +INF             .          
---- VAR L36                 .              .            +INF            2.0000      
---- VAR L37                 .              .            +INF             .          
---- VAR L38                 .              .            +INF            2.0000      
---- VAR E1                  .             2.1538        +INF             .          
---- VAR E2                  .              .            +INF            0.5038      
---- VAR E3                  .             0.2308        +INF             .          
---- VAR E4                  .             1.0000        +INF             .          
---- VAR E5                  .              .            +INF            2.0000      
---- VAR E6                  .             0.3077        +INF             .          
---- VAR E7                  .              .            +INF            2.0000      
---- VAR E8                  .             0.3846        +INF             .          
---- VAR E9                  .              .            +INF            1.0000      
---- VAR E10                 .             0.3846        +INF             .          
---- VAR E11                 .              .            +INF            2.0000      
---- VAR E12                 .              .            +INF            2.0000      
---- VAR E13                 .             0.3077        +INF             .          
---- VAR E14                 .             0.5385        +INF             .          
---- VAR E15                 .             0.3077        +INF             .          
---- VAR E16                 .              .            +INF            2.0000      
---- VAR E17                 .              .            +INF            0.1346      
---- VAR E18                 .              .            +INF            2.0000      
---- VAR E19                 .              .            +INF            2.0000      
---- VAR E20                 .             1.6154        +INF             .          
---- VAR E21                 .             0.1538        +INF             .          
---- VAR E22                 .             1.5385        +INF             .          
---- VAR E23                 .              .            +INF            0.4038      
---- VAR E24                 .              .            +INF            2.0000      
---- VAR E25                 .             0.3077        +INF             .          
---- VAR E26                 .              .            +INF            2.0000      
---- VAR E27                 .              .            +INF            0.5769      
---- VAR E28                 .              .            +INF            2.0000      
---- VAR E29                 .              .            +INF            2.0000      
---- VAR E30                 .              .            +INF            2.0000      
---- VAR E31                 .              .            +INF            2.0000      
---- VAR E32                 .              .            +INF            2.0000      
---- VAR E33                 .             0.5385        +INF             .          
---- VAR E34                 .             2.3077        +INF             .          
---- VAR E35                 .              .            +INF            2.0000      
---- VAR E36                 .             0.4615        +INF             .          
---- VAR E37                 .              .            +INF            2.0000      
---- VAR E38                 .             1.3846        +INF             .          
---- VAR F1                  .              .            +INF            7.8538      
---- VAR F2                  .              .            +INF            3.4385      
---- VAR F3                  .             0.0769        +INF             .          
---- VAR F4                  .              .            +INF             .          
---- VAR F5                  .             0.1538        +INF             .          
---- VAR F6                  .              .            +INF            8.2769      
---- VAR F7                  .              .            +INF             .          
---- VAR F8                  .              .            +INF             .          
---- VAR F9                  .             0.1538        +INF             .          
---- VAR F10                 .              .            +INF             .          
---- VAR F11                 .              .            +INF             .          
---- VAR F12                 .             0.3077        +INF             .          
---- VAR F13                 .             0.3077        +INF             .          
---- VAR Z                 -INF           26.3846        +INF             .          


**** REPORT SUMMARY :        0     NONOPT
                             0 INFEASIBLE
                             0  UNBOUNDED


EXECUTION TIME       =        0.024 SECONDS      3 MB  48.6.1 67fbb04b LEX-LEG


USER: Academic User                                  G250215+0003Ac-GEN
      a01659147@tec.mx                                        CLA106887
      License for teaching and research at degree granting institutions


**** FILE SUMMARY

Input      /home/alaiinx/Documentos/GAMS/Studio/workspace/proy_final/proy_final_F.gms
Output     /home/alaiinx/Documentos/GAMS/Studio/workspace/proy_final/proy_final_F.lst
